// Jest Snapshot v1, https://goo.gl/fbAQLP

exports[`should take a snapshot 1`] = `
<DocumentFragment>
  <div
    class="search-box"
  >
    <h1>
      Encuentra lo que estas buscando
    </h1>
  </div>
</DocumentFragment>
`;
